
===========================================================================
report_checks -unconstrained
============================================================================
Startpoint: user_clock2 (clock source 'user_clock2')
Endpoint: openram_1kB/clk1 (internal pin)
Path Group: (none)
Path Type: max

Fanout     Cap    Slew   Delay    Time   Description
-----------------------------------------------------------------------------
                  1.03    1.45    6.45 v user_clock2 (in)
     2    0.56                           user_clock2 (net)
                  2.06    0.00    6.45 v openram_1kB/clk1 (sky130_sram_1kbyte_1rw1r_32x256_8)
                                  6.45   data arrival time
-----------------------------------------------------------------------------
(Path is unconstrained)



===========================================================================
report_checks --slack_max -0.01
============================================================================
No paths found.
